★ eas-cli@22.0.0 is now available.
To upgrade, run:
npm install -g eas-cli
Proceeding with outdated version.

(node:97117) [DEP0040] DeprecationWarning: The `punycode` module is deprecated. Please use a userland alternative instead.
(Use `node --trace-deprecation ...` to show where the warning was created)

Looking up credentials configuration for com.waiair.WaiAir...
✔ App Store Connect API Key already set up.
Using Api Key ID: TFK9PH83ZR ([Expo] EAS Submit i1WSU-av2J)

ASC App ID:                 6798072839
Project ID:                 fa77ac74-c0b8-4035-8f7f-f417436f93c7
App Store Connect API Key:  
    Key Name  :  [Expo] EAS Submit i1WSU-av2J
    Key ID    :  TFK9PH83ZR
    Key Source:  EAS servers
Build:                      
    Build ID    :  817bd347-b411-46c3-827b-8c1c5547a7af
    Build Date  :  8/17/2026, 6:22:26 PM
    App Version :  1.2.0
    Build number:  39

- Scheduling iOS submission
✔ Scheduled iOS submission

Submission details: https://expo.dev/accounts/waiair/projects/waiair/submissions/fa6d4add-6f80-4c66-abe2-8f09fbe271fe

Waiting for submission to complete. You can press Ctrl+C to exit.
- Submitting
✖ Something went wrong when submitting your app to Apple App Store Connect.
